OUT:
Buildfile: [TestData]/build.xml

build:
  [kotlinc] Compiling [[TestData]/hello.kt] => [[Temp]/hello.jar]
    [javac] Compiling 1 source file to [Temp]
    [javac] Compiling [[TestData]] => [[Temp]]
    [javac] kotlinc-jvm [KotlinVersion] (JRE [JREVersion])
    [javac] Running javac...

BUILD SUCCESSFUL
Total time: [time]

Return code: 0
