OUT:
Buildfile: [TestData]/build.xml

build:
  [kotlinc] Compiling [[TestData]/hello.kt] => [[Temp]/hello.jar]
  [kotlinc] kotlinc-jvm [KotlinVersion] (JRE [JREVersion])

BUILD SUCCESSFUL
Total time: [time]

Return code: 0
