OUT:
kotlinc-jvm [KotlinVersion] (JRE [JREVersion])

Return code: 0
